---
http_interactions:
- request:
    method: head
    uri: https://arks.libraries.psu.edu/ark:/42409/ii34w27
    body:
      encoding: US-ASCII
      string: ''
    headers:
      User-Agent:
      - Faraday v1.10.3
      Accept-Encoding:
      - gzip;q=1.0,deflate;q=0.6,identity;q=0.3
      Accept:
      - "*/*"
  response:
    status:
      code: 301
      message: Moved Permanently
    headers:
      Date:
      - Thu, 22 Aug 2024 13:54:53 GMT
      Server:
      - Apache
      Strict-Transport-Security:
      - max-age=63072000
      Location:
      - https://n2t.net//ark:/42409/ii34w27
      Content-Type:
      - text/html; charset=iso-8859-1
    body:
      encoding: UTF-8
      string: ''
  recorded_at: Thu, 22 Aug 2024 13:54:53 GMT
- request:
    method: head
    uri: https://n2t.net//ark:/42409/ii34w27
    body:
      encoding: US-ASCII
      string: ''
    headers:
      User-Agent:
      - Faraday v1.10.3
      Accept-Encoding:
      - gzip;q=1.0,deflate;q=0.6,identity;q=0.3
      Accept:
      - "*/*"
  response:
    status:
      code: 302
      message: Found
    headers:
      Date:
      - Thu, 22 Aug 2024 13:54:54 GMT
      Content-Type:
      - application/json
      Content-Length:
      - '210'
      Connection:
      - keep-alive
      Location:
      - https://arks.org/ark:42409/ii34w27
      Server:
      - Unit/1.32.1
    body:
      encoding: UTF-8
      string: ''
  recorded_at: Thu, 22 Aug 2024 13:54:54 GMT
- request:
    method: head
    uri: https://arks.org/ark:42409/ii34w27
    body:
      encoding: US-ASCII
      string: ''
    headers:
      User-Agent:
      - Faraday v1.10.3
      Accept-Encoding:
      - gzip;q=1.0,deflate;q=0.6,identity;q=0.3
      Accept:
      - "*/*"
  response:
    status:
      code: 302
      message: Found
    headers:
      Date:
      - Thu, 22 Aug 2024 13:54:54 GMT
      Content-Type:
      - application/json
      Content-Length:
      - '223'
      Connection:
      - keep-alive
      Location:
      - https://ezid.cdlib.org/ark:/42409/ii34w27
      Server:
      - Unit/1.32.1
    body:
      encoding: UTF-8
      string: ''
  recorded_at: Thu, 22 Aug 2024 13:54:54 GMT
- request:
    method: head
    uri: https://ezid.cdlib.org/ark:/42409/ii34w27
    body:
      encoding: US-ASCII
      string: ''
    headers:
      User-Agent:
      - Faraday v1.10.3
      Accept-Encoding:
      - gzip;q=1.0,deflate;q=0.6,identity;q=0.3
      Accept:
      - "*/*"
  response:
    status:
      code: 302
      message: Found
    headers:
      Date:
      - Thu, 22 Aug 2024 13:54:55 GMT
      Content-Type:
      - text/plain; charset=utf-8
      Content-Length:
      - '178'
      Connection:
      - keep-alive
      Server:
      - Apache/2.4.62 (Amazon Linux) mod_wsgi/5.0.0 Python/3.8
      Last-Modified:
      - Fri, 14 Apr 2023 21:31:26 GMT
      Location:
      - https://digital.libraries.psu.edu/iiif/info/Comparatist/manifest.json
      Vary:
      - Accept-Language
      Content-Language:
      - en
    body:
      encoding: UTF-8
      string: ''
  recorded_at: Thu, 22 Aug 2024 13:54:54 GMT
- request:
    method: get
    uri: https://catalog.hathitrust.org/api/volumes/brief/oclc/17545759.json
    body:
      encoding: US-ASCII
      string: ''
    headers:
      Accept-Encoding:
      - gzip;q=1.0,deflate;q=0.6,identity;q=0.3
      Accept:
      - "*/*"
      User-Agent:
      - Ruby
      Host:
      - catalog.hathitrust.org
  response:
    status:
      code: 200
      message: OK
    headers:
      Date:
      - Thu, 22 Aug 2024 13:54:55 GMT
      Server:
      - Apache
      Access-Control-Allow-Origin:
      - "*"
      Cache-Control:
      - max-age=0
      Expires:
      - Thu, 22 Aug 2024 13:54:55 GMT
      Content-Length:
      - '31'
      Content-Type:
      - text/html; charset=UTF-8
      Strict-Transport-Security:
      - max-age=31536000
      Set-Cookie:
      - STICKY=s210; path=/
    body:
      encoding: UTF-8
      string: |-
        {
         "records": {}, "items": []
        }
  recorded_at: Thu, 22 Aug 2024 13:54:55 GMT
- request:
    method: get
    uri: https://sdws08.sirsidynix.net/psu_ilsws/rest/standard/lookupTitleInfo?clientID=PSUCATALOG&includeAvailabilityInfo=true&includeBoundTogether=true&includeItemInfo=true&titleID=1267921
    body:
      encoding: US-ASCII
      string: ''
    headers:
      Accept-Encoding:
      - gzip;q=1.0,deflate;q=0.6,identity;q=0.3
      Accept:
      - "*/*"
      User-Agent:
      - Ruby
      Host:
      - sdws08.sirsidynix.net
  response:
    status:
      code: 200
      message: '200'
    headers:
      Date:
      - Thu, 22 Aug 2024 13:54:55 GMT
      Server:
      - Apache
      Strict-Transport-Security:
      - max-age=31536000
      Access-Control-Allow-Origin:
      - "*"
      Content-Type:
      - text/xml;charset=UTF-8
      Transfer-Encoding:
      - chunked
    body:
      encoding: UTF-8
      string: <?xml version="1.0" encoding="UTF-8" standalone="yes"?><LookupTitleInfoResponse
        xmlns="http://schemas.sirsidynix.com/symws/standard"><TitleInfo><titleID>1267921</titleID><TitleAvailabilityInfo><totalCopiesAvailable>1</totalCopiesAvailable><libraryWithAvailableCopies>Pattee
        Library and Paterno Library Stacks (UP)</libraryWithAvailableCopies><totalResvCopiesAvailable>0</totalResvCopiesAvailable><locationOfFirstAvailableItem>PATTEE-2A</locationOfFirstAvailableItem><holdable>true</holdable><bookable>false</bookable></TitleAvailabilityInfo><CallInfo><libraryID>UP-PAT</libraryID><classificationID>LCPER</classificationID><callNumber>PN851.C52
        v.1-3 no.1 1987-89</callNumber><numberOfCopies>1</numberOfCopies><ItemInfo><itemID>000071202587</itemID><itemTypeID>PERIODICAL</itemTypeID><currentLocationID>PATTEE-2A</currentLocationID><homeLocationID>PATTEE-2A</homeLocationID><chargeable>true</chargeable><fixedTimeBooking>false</fixedTimeBooking></ItemInfo></CallInfo><numberOfBoundwithLinks>0</numberOfBoundwithLinks></TitleInfo></LookupTitleInfoResponse>
  recorded_at: Thu, 22 Aug 2024 13:54:55 GMT
- request:
    method: get
    uri: https://books.google.com/books?bibkeys=LCCN:sn%2088016767&jscmd=viewapi
    body:
      encoding: US-ASCII
      string: ''
    headers:
      Accept-Encoding:
      - gzip;q=1.0,deflate;q=0.6,identity;q=0.3
      Accept:
      - "*/*"
      User-Agent:
      - Ruby
      Host:
      - books.google.com
  response:
    status:
      code: 200
      message: OK
    headers:
      Date:
      - Thu, 22 Aug 2024 13:54:56 GMT
      Expires:
      - Thu, 22 Aug 2024 13:54:56 GMT
      Cache-Control:
      - private, must-revalidate, max-age=0
      P3p:
      - CP="This is not a P3P policy! See g.co/p3phelp for more info."
      - policyref="http://www.google.com/googlebooks/p3p.xml", CP="DSP NON ADM DEV
        OUR BUS NAV COM INT STA"
      X-Frame-Options:
      - SAMEORIGIN
      X-Xss-Protection:
      - 1; mode=block
      Strict-Transport-Security:
      - max-age=604800
      Content-Type:
      - application/javascript; charset=ISO-8859-1
      X-Content-Type-Options:
      - nosniff
      Content-Disposition:
      - attachment; filename="f.txt"
      Server:
      - OFE/0.1
      Set-Cookie:
      - NID=516=q_Yai1dP9WRfBJxiUV6B3c3C7GnCkSmrlS2uqgX2CmDcohZcN16WwZODuVbDHp1aKcd5nQFQ9XMelhRF5kcwzOP5uKAPca56fWpFdfcfi0Eju9RNy5lV8s9eBCepvKVhj1yL2TkHey0rO7wtuwmEm3yJ6mw3738QDfd9yXTUAHY;
        expires=Fri, 21-Feb-2025 13:54:56 GMT; path=/; domain=.google.com; HttpOnly
      Transfer-Encoding:
      - chunked
    body:
      encoding: ASCII-8BIT
      string: var _GBSBookInfo = {};
  recorded_at: Thu, 22 Aug 2024 13:54:56 GMT
recorded_with: VCR 6.2.0
