---
http_interactions:
- request:
    method: get
    uri: https://cat.libraries.psu.edu:28443/symwsbc/rest/standard/lookupTitleInfo?clientID=PSUCATALOG&includeAvailabilityInfo=true&includeBoundTogether=true&includeItemInfo=true&titleID=2025781
    body:
      encoding: US-ASCII
      string: ''
    headers:
      Accept-Encoding:
      - gzip;q=1.0,deflate;q=0.6,identity;q=0.3
      Accept:
      - "*/*"
      User-Agent:
      - Ruby
      Host:
      - cat.libraries.psu.edu:28443
  response:
    status:
      code: 200
      message: ''
    headers:
      Access-Control-Allow-Origin:
      - "*"
      Vary:
      - accept-encoding
      Content-Type:
      - text/xml;charset=UTF-8
      Transfer-Encoding:
      - chunked
      Date:
      - Thu, 25 May 2023 18:31:49 GMT
      Server:
      - SirsiDynix IlsWS
    body:
      encoding: ASCII-8BIT
      string: <?xml version="1.0" encoding="UTF-8" standalone="yes"?><LookupTitleInfoResponse
        xmlns="http://schemas.sirsidynix.com/symws/standard"><TitleInfo><titleID>2025781</titleID><TitleAvailabilityInfo><totalCopiesAvailable>2</totalCopiesAvailable><libraryWithAvailableCopies>Special
        Collections Library (UP)</libraryWithAvailableCopies><totalResvCopiesAvailable>0</totalResvCopiesAvailable><locationOfFirstAvailableItem>RARE-MAPS</locationOfFirstAvailableItem><holdable>false</holdable><bookable>false</bookable></TitleAvailabilityInfo><CallInfo><libraryID>UP-SPECCOL</libraryID><classificationID>LC</classificationID><callNumber>G3860
        1776.G4 1961</callNumber><numberOfCopies>2</numberOfCopies><ItemInfo><itemID>000026874098</itemID><itemTypeID>MAP</itemTypeID><currentLocationID>RARE-MAPS</currentLocationID><homeLocationID>RARE-MAPS</homeLocationID><chargeable>true</chargeable><fixedTimeBooking>false</fixedTimeBooking></ItemInfo><ItemInfo><itemID>000026879802</itemID><itemTypeID>MAP</itemTypeID><currentLocationID>RARE-MAPS</currentLocationID><homeLocationID>RARE-MAPS</homeLocationID><chargeable>true</chargeable><fixedTimeBooking>false</fixedTimeBooking></ItemInfo></CallInfo><numberOfBoundwithLinks>0</numberOfBoundwithLinks></TitleInfo></LookupTitleInfoResponse>
  recorded_at: Thu, 25 May 2023 18:31:49 GMT
- request:
    method: get
    uri: https://books.google.com/books?bibkeys=LCCN:74694843&jscmd=viewapi
    body:
      encoding: US-ASCII
      string: ''
    headers:
      Accept-Encoding:
      - gzip;q=1.0,deflate;q=0.6,identity;q=0.3
      Accept:
      - "*/*"
      User-Agent:
      - Ruby
      Host:
      - books.google.com
  response:
    status:
      code: 200
      message: OK
    headers:
      Date:
      - Thu, 25 May 2023 18:31:49 GMT
      Expires:
      - Thu, 25 May 2023 18:31:49 GMT
      Cache-Control:
      - private, must-revalidate, max-age=0
      P3p:
      - CP="This is not a P3P policy! See g.co/p3phelp for more info."
      - policyref="http://www.google.com/googlebooks/p3p.xml", CP="DSP NON ADM DEV
        OUR BUS NAV COM INT STA"
      X-Frame-Options:
      - SAMEORIGIN
      X-Xss-Protection:
      - 1; mode=block
      Strict-Transport-Security:
      - max-age=604800
      Content-Type:
      - application/javascript; charset=ISO-8859-1
      X-Content-Type-Options:
      - nosniff
      Content-Disposition:
      - attachment; filename="f.txt"
      Server:
      - OFE/0.1
      Set-Cookie:
      - NID=511=O1v7qgj_1SB2y4d966Q4tFL5QP5z4FbhMLZAjzjvv5G2jHwWOHmKk1OkYR_ukTjk5tiDnerl79mlEcs4b9dn-_C2uTnP1j_tj3_E4snhRmcpBWb9eH9qAmm4fIjh8UDzJY1hpaLs7kBFq6BabUQAXwox-jDLZTjqsp1zytaWmcI;
        expires=Fri, 24-Nov-2023 18:31:49 GMT; path=/; domain=.google.com; HttpOnly
      Alt-Svc:
      - h3=":443"; ma=2592000,h3-29=":443"; ma=2592000
      Transfer-Encoding:
      - chunked
    body:
      encoding: ASCII-8BIT
      string: var _GBSBookInfo = {};
  recorded_at: Thu, 25 May 2023 18:31:49 GMT
- request:
    method: get
    uri: https://catalog.hathitrust.org/api/volumes/brief/oclc/5407825.json
    body:
      encoding: US-ASCII
      string: ''
    headers:
      Accept-Encoding:
      - gzip;q=1.0,deflate;q=0.6,identity;q=0.3
      Accept:
      - "*/*"
      User-Agent:
      - Ruby
      Host:
      - catalog.hathitrust.org
  response:
    status:
      code: 200
      message: OK
    headers:
      Date:
      - Mon, 22 Apr 2024 18:18:03 GMT
      Server:
      - Apache
      Access-Control-Allow-Origin:
      - "*"
      Cache-Control:
      - max-age=0
      Expires:
      - Mon, 22 Apr 2024 18:18:03 GMT
      Content-Length:
      - '31'
      Content-Type:
      - text/html; charset=UTF-8
      Strict-Transport-Security:
      - max-age=31536000
      Set-Cookie:
      - STICKY=s213; path=/
    body:
      encoding: UTF-8
      string: |-
        {
         "records": {}, "items": []
        }
  recorded_at: Mon, 22 Apr 2024 18:18:03 GMT
- request:
    method: get
    uri: https://catalog.hathitrust.org/api/volumes/brief/oclc/5407825.json
    body:
      encoding: US-ASCII
      string: ''
    headers:
      Accept-Encoding:
      - gzip;q=1.0,deflate;q=0.6,identity;q=0.3
      Accept:
      - "*/*"
      User-Agent:
      - Ruby
      Host:
      - catalog.hathitrust.org
  response:
    status:
      code: 200
      message: OK
    headers:
      Date:
      - Mon, 22 Apr 2024 18:40:23 GMT
      Server:
      - Apache
      Access-Control-Allow-Origin:
      - "*"
      Cache-Control:
      - max-age=0
      Expires:
      - Mon, 22 Apr 2024 18:40:23 GMT
      Content-Length:
      - '31'
      Content-Type:
      - text/html; charset=UTF-8
      Strict-Transport-Security:
      - max-age=31536000
      Set-Cookie:
      - STICKY=s138; path=/
    body:
      encoding: UTF-8
      string: |-
        {
         "records": {}, "items": []
        }
  recorded_at: Mon, 22 Apr 2024 18:40:23 GMT
recorded_with: VCR 6.1.0
